// Jest Snapshot v1, https://goo.gl/fbAQLP

exports[`Dashboard Page should match snapshot componentDidMount 1`] = `Promise {}`;

exports[`Dashboard Page should match snapshot doSubmit 1`] = `Promise {}`;

exports[`Dashboard Page should match snapshot hideRsvps 1`] = `undefined`;

exports[`Dashboard Page should match snapshot showRsvps 1`] = `undefined`;

exports[`Dashboard Page should render dashboard correctly 1`] = `
<Fragment>
  <Loader />
  <div
    className="sum"
  >
    <div>
      <p
        className="lg font22"
      >
        <Link
          className="imp"
          onClick={[Function]}
        >
          <i
            className="fas fa-users"
          >
            0 Top upcoming Meetups you may wish to attend
          </i>
        </Link>
      </p>
    </div>
    <div>
      <p
        className="lg font22"
      >
        <Link
          className="imp"
          onClick={[Function]}
        >
          <i
            className="fas fa-users"
          >
            0 Meetups you plan to attend
          </i>
        </Link>
      </p>
    </div>
  </div>
  <div
    className="flex meetup-card"
  />
</Fragment>
`;
