// Jest Snapshot v1, https://goo.gl/fbAQLP

exports[`Meetups Page should render signup correctly 1`] = `
<Fragment>
  <div
    className="flex full no-pad"
  >
    <div>
      <div>
        <img
          alt="meetupimage"
          className="image-lg card-image"
        />
      </div>
      <h4>
        <Link
          className="topic"
          to="/meetup/undefined"
        />
      </h4>
      <h6
        className="font12"
      >
        @undefined
      </h6>
      <span
        className="text-holder"
      >
        <ul
          className="details font12"
        >
          <li>
            Invalid Date
          </li>
          <li>
            0 Question
          </li>
        </ul>
        <Button
          className="btn font12 sm"
          id="ask-question"
          onClick={[Function]}
          value="Ask Question"
        />
      </span>
      <h4>
        Are you going?
        <p>
          <Button
            className="btn font12 ssm yes"
            id="add-question"
            onClick={[Function]}
            value="Yes"
          />
          <Button
            className="btn font12 ssm no"
            id="add-question"
            onClick={[Function]}
            value="No"
          />
          <Button
            className="btn font12 ssm maybe"
            id="add-question"
            onClick={[Function]}
            value="Maybe"
          />
        </p>
      </h4>
    </div>
  </div>
  <div
    className="flex full flex-buttom-space"
    id="questions"
  />
</Fragment>
`;

exports[`Meetups Page should test functions updateQuestions 1`] = `undefined`;

exports[`Meetups Page should test functions updateQuestions 2`] = `Promise {}`;

exports[`Meetups Page should test functions updateQuestions 3`] = `Promise {}`;

exports[`Meetups Page should test functions updateQuestions 4`] = `Promise {}`;
