// Jest Snapshot v1, https://goo.gl/fbAQLP

exports[`HomePage component should match snapshot 1`] = `
<ProtectedRoute
  component={
    Object {
      "$$typeof": Symbol(react.memo),
      "WrappedComponent": [Function],
      "compare": null,
      "displayName": "Connect(SingleMeetup)",
      "type": [Function],
    }
  }
  path="/meetups/:id"
/>
`;

exports[`HomePage component should match snapshot 2`] = `
<ProtectedRoute
  path="/dashboard"
  render={[Function]}
/>
`;
