// Jest Snapshot v1, https://goo.gl/fbAQLP

exports[`Signup Page should render signup correctly 1`] = `
<Fragment>
  <div
    className="container"
  >
    <div
      className="imgcontainer"
    >
      <i
        className="fas fa-user-circle fa-5x"
      />
    </div>
    <Input
      autoFocus=""
      id="email"
      label="Email"
      onChange={[Function]}
      placeholder="JohnDoe@gmail.com"
      type="email"
      value=""
    />
    <Input
      autoFocus=""
      id="username"
      label="Username"
      onChange={[Function]}
      placeholder="John Doe"
      type="text"
      value=""
    />
    <Input
      autoFocus=""
      id="password"
      label="Password"
      onChange={[Function]}
      placeholder="password"
      type="password"
      value=""
    />
    <Input
      autoFocus=""
      id="confirmPassword"
      label="Retype Password"
      onChange={[Function]}
      placeholder="Confirm Password"
      type="password"
      value=""
    />
    <div
      className="right font12"
    >
      <Link
        to="/forget"
      >
        Forget Password
      </Link>
    </div>
    <Button
      className="btn"
      onClick={[Function]}
      value="Signup"
    />
    <div
      className="center font12"
    >
      Already have an account?
       
      <Link
        to="/login"
      >
        Login
      </Link>
    </div>
  </div>
</Fragment>
`;
